<?xml version="1.0" encoding="UTF-8" ?>
<testsuites name="vitest tests" tests="2" failures="2" errors="0" time="0">
    <testsuite name="packages/core/src/core/openaiContentGenerator/pipeline.test.ts" timestamp="2025-11-30T23:38:38.651Z" hostname="MacBook-Pro-6.local" tests="1" failures="1" errors="0" skipped="0" time="0">
        <testcase classname="packages/core/src/core/openaiContentGenerator/pipeline.test.ts" name="packages/core/src/core/openaiContentGenerator/pipeline.test.ts" time="0">
            <failure message="Cannot find module &apos;/Users/user/qwen45/test-setup.ts&apos;" type="Error">
Error: Cannot find module &apos;/Users/user/qwen45/test-setup.ts&apos;
⎯⎯⎯⎯⎯⎯⎯⎯⎯⎯⎯⎯⎯⎯⎯⎯⎯⎯⎯⎯⎯⎯⎯⎯⎯⎯⎯⎯⎯⎯
Serialized Error: { code: &apos;ERR_MODULE_NOT_FOUND&apos; }
Caused by: Caused by: Error: Failed to load url /Users/user/qwen45/test-setup.ts (resolved id: /Users/user/qwen45/test-setup.ts). Does the file exist?
 ❯ loadAndTransform node_modules/vite/dist/node/chunks/dep-Bsx9IwL8.js:26427:33
            </failure>
        </testcase>
    </testsuite>
    <testsuite name="packages/core/src/core/openaiContentGenerator/provider/openrouter.test.ts" timestamp="2025-11-30T23:38:38.653Z" hostname="MacBook-Pro-6.local" tests="1" failures="1" errors="0" skipped="0" time="0">
        <testcase classname="packages/core/src/core/openaiContentGenerator/provider/openrouter.test.ts" name="packages/core/src/core/openaiContentGenerator/provider/openrouter.test.ts" time="0">
            <failure message="Cannot find module &apos;/Users/user/qwen45/test-setup.ts&apos;" type="Error">
Error: Cannot find module &apos;/Users/user/qwen45/test-setup.ts&apos;
⎯⎯⎯⎯⎯⎯⎯⎯⎯⎯⎯⎯⎯⎯⎯⎯⎯⎯⎯⎯⎯⎯⎯⎯⎯⎯⎯⎯⎯⎯
Serialized Error: { code: &apos;ERR_MODULE_NOT_FOUND&apos; }
Caused by: Error: Failed to load url /Users/user/qwen45/test-setup.ts (resolved id: /Users/user/qwen45/test-setup.ts). Does the file exist?
 ❯ loadAndTransform node_modules/vite/dist/node/chunks/dep-Bsx9IwL8.js:26427:33
            </failure>
        </testcase>
    </testsuite>
</testsuites>
